\BOOKMARK [0][-]{section*.3}{\376\377\000I\000n\000t\000r\000o\000d\000u\000z\000i\000o\000n\000e}{}% 1
\BOOKMARK [1][-]{section*.5}{\376\377\000C\000o\000n\000t\000e\000s\000t\000o\000\040\000e\000\040\000m\000o\000t\000i\000v\000a\000z\000i\000o\000n\000i}{section*.3}% 2
\BOOKMARK [1][-]{section*.6}{\376\377\000P\000r\000o\000b\000l\000e\000m\000a\000\040\000a\000f\000f\000r\000o\000n\000t\000a\000t\000o}{section*.3}% 3
\BOOKMARK [1][-]{section*.7}{\376\377\000D\000o\000m\000a\000n\000d\000a\000\040\000d\000i\000\040\000r\000i\000c\000e\000r\000c\000a}{section*.3}% 4
\BOOKMARK [1][-]{section*.9}{\376\377\000O\000b\000i\000e\000t\000t\000i\000v\000i\000\040\000d\000e\000l\000\040\000l\000a\000v\000o\000r\000o}{section*.3}% 5
\BOOKMARK [1][-]{section*.10}{\376\377\000C\000o\000n\000t\000r\000i\000b\000u\000t\000i\000\040\000d\000e\000l\000l\000a\000\040\000t\000e\000s\000i}{section*.3}% 6
\BOOKMARK [1][-]{section*.11}{\376\377\000S\000t\000r\000u\000t\000t\000u\000r\000a\000\040\000d\000e\000l\000l\000'\000e\000l\000a\000b\000o\000r\000a\000t\000o}{section*.3}% 7
\BOOKMARK [0][-]{chapter.1}{\376\377\000B\000a\000c\000k\000g\000r\000o\000u\000n\000d\000\040\000e\000\040\000s\000t\000a\000t\000o\000\040\000d\000e\000l\000l\000'\000a\000r\000t\000e}{}% 8
\BOOKMARK [1][-]{section.1.1}{\376\377\000Q\000u\000a\000l\000i\000t\000\340\000\040\000d\000e\000i\000\040\000d\000a\000t\000i\000\040\000e\000\040\000s\000u\000e\000\040\000d\000i\000m\000e\000n\000s\000i\000o\000n\000i}{chapter.1}% 9
\BOOKMARK [1][-]{section.1.2}{\376\377\000V\000a\000l\000o\000r\000i\000\040\000m\000a\000n\000c\000a\000n\000t\000i}{chapter.1}% 10
\BOOKMARK [1][-]{section.1.3}{\376\377\000D\000a\000t\000a\000\040\000i\000m\000p\000u\000t\000a\000t\000i\000o\000n}{chapter.1}% 11
\BOOKMARK [1][-]{section.1.4}{\376\377\000R\000e\000l\000a\000x\000e\000d\000\040\000F\000u\000n\000c\000t\000i\000o\000n\000a\000l\000\040\000D\000e\000p\000e\000n\000d\000e\000n\000c\000i\000e\000s}{chapter.1}% 12
\BOOKMARK [1][-]{section.1.5}{\376\377\000R\000i\000d\000o\000n\000d\000a\000n\000z\000a\000\040\000e\000\040\000r\000i\000d\000u\000z\000i\000o\000n\000e\000\040\000d\000i\000\040\000u\000n\000\040\000i\000n\000s\000i\000e\000m\000e\000\040\000d\000i\000\040\000r\000e\000g\000o\000l\000e}{chapter.1}% 13
\BOOKMARK [1][-]{section.1.6}{\376\377\000M\000i\000s\000u\000r\000e\000\040\000d\000i\000\040\000s\000i\000m\000i\000l\000a\000r\000i\000t\000\340\000\040\000e\000\040\000d\000i\000s\000t\000a\000n\000z\000a}{chapter.1}% 14
\BOOKMARK [1][-]{section.1.7}{\376\377\000S\000e\000m\000a\000n\000t\000i\000c\000\040\000p\000r\000u\000n\000i\000n\000g\000:\000\040\000d\000e\000f\000i\000n\000i\000z\000i\000o\000n\000e\000\040\000o\000p\000e\000r\000a\000t\000i\000v\000a\000\040\000e\000\040\000c\000o\000l\000l\000o\000c\000a\000z\000i\000o\000n\000e}{chapter.1}% 15
\BOOKMARK [0][-]{chapter.2}{\376\377\000A\000n\000a\000l\000i\000s\000i\000\040\000d\000e\000l\000\040\000s\000i\000s\000t\000e\000m\000a\000\040\000R\000e\000n\000u\000v\000e\000r}{}% 16
\BOOKMARK [1][-]{section.2.1}{\376\377\000O\000b\000i\000e\000t\000t\000i\000v\000i\000\040\000d\000e\000l\000\040\000s\000i\000s\000t\000e\000m\000a}{chapter.2}% 17
\BOOKMARK [1][-]{section.2.2}{\376\377\000A\000r\000c\000h\000i\000t\000e\000t\000t\000u\000r\000a\000\040\000g\000e\000n\000e\000r\000a\000l\000e}{chapter.2}% 18
\BOOKMARK [1][-]{section.2.3}{\376\377\000F\000l\000u\000s\000s\000o\000\040\000d\000i\000\040\000i\000m\000p\000u\000t\000a\000z\000i\000o\000n\000e\000\040\000e\000\040\000p\000r\000o\000c\000e\000d\000u\000r\000e\000\040\000d\000i\000\040\000r\000i\000e\000m\000p\000i\000m\000e\000n\000t\000o}{chapter.2}% 19
\BOOKMARK [1][-]{section.2.4}{\376\377\000D\000a\000t\000a\000s\000e\000t\000\040\000i\000m\000p\000i\000e\000g\000a\000t\000i}{chapter.2}% 20
\BOOKMARK [1][-]{section.2.5}{\376\377\000I\000l\000\040\000d\000o\000p\000p\000i\000o\000\040\000r\000u\000o\000l\000o\000\040\000d\000e\000l\000l\000e\000\040\000R\000F\000D}{chapter.2}% 21
\BOOKMARK [1][-]{section.2.6}{\376\377\000C\000o\000s\000t\000o\000\040\000c\000o\000m\000p\000u\000t\000a\000z\000i\000o\000n\000a\000l\000e}{chapter.2}% 22
\BOOKMARK [0][-]{chapter.3}{\376\377\000M\000e\000t\000o\000d\000o\000l\000o\000g\000i\000a\000\040\000d\000i\000\040\000s\000e\000m\000a\000n\000t\000i\000c\000\040\000p\000r\000u\000n\000i\000n\000g}{}% 23
\BOOKMARK [1][-]{section.3.1}{\376\377\000M\000o\000t\000i\000v\000a\000z\000i\000o\000n\000i}{chapter.3}% 24
\BOOKMARK [1][-]{section.3.2}{\376\377\000D\000a\000l\000\040\000s\000i\000s\000t\000e\000m\000a\000\040\000a\000l\000l\000e\000\040\000c\000o\000n\000d\000i\000z\000i\000o\000n\000i\000\040\000e\000s\000a\000t\000t\000e}{chapter.3}% 25
\BOOKMARK [1][-]{section.3.3}{\376\377\000L\000o\000\040\000s\000p\000a\000z\000i\000o\000\040\000d\000e\000l\000l\000e\000\040\000s\000t\000r\000a\000t\000e\000g\000i\000e}{chapter.3}% 26
\BOOKMARK [1][-]{section.3.4}{\376\377\000L\000e\000\040\000s\000t\000r\000a\000t\000e\000g\000i\000e\000\040\000d\000i\000\040\000p\000o\000t\000a\000t\000u\000r\000a}{chapter.3}% 27
\BOOKMARK [1][-]{section.3.5}{\376\377\000P\000e\000r\000c\000h\000\351\000\040\000l\000a\000\040\000g\000e\000n\000e\000r\000a\000z\000i\000o\000n\000e\000\040\000n\000o\000n\000\040\000a\000m\000m\000e\000t\000t\000e\000\040\000u\000n\000a\000\040\000c\000o\000n\000d\000i\000z\000i\000o\000n\000e\000\040\000e\000s\000a\000t\000t\000a\000\040\000d\000e\000l\000l\000a\000\040\000s\000t\000e\000s\000s\000a\000\040\000n\000a\000t\000u\000r\000a}{chapter.3}% 28
\BOOKMARK [1][-]{section.3.6}{\376\377\000I\000n\000t\000e\000g\000r\000a\000z\000i\000o\000n\000e\000\040\000c\000o\000n\000\040\000i\000l\000\040\000s\000i\000s\000t\000e\000m\000a\000:\000\040\000i\000l\000\040\000c\000o\000n\000t\000r\000a\000t\000t\000o\000\040\000d\000i\000\040\000p\000o\000t\000a\000t\000u\000r\000a}{chapter.3}% 29
\BOOKMARK [0][-]{chapter.4}{\376\377\000T\000e\000o\000r\000i\000a\000:\000\040\000c\000h\000e\000\040\000c\000o\000s\000a\000\040\000s\000i\000\040\000p\000u\000\362\000\040\000p\000o\000t\000a\000r\000e\000\040\000c\000o\000n\000\040\000g\000a\000r\000a\000n\000z\000i\000a}{}% 30
\BOOKMARK [1][-]{section.4.1}{\376\377\000I\000m\000p\000o\000s\000t\000a\000z\000i\000o\000n\000e\000\040\000f\000o\000r\000m\000a\000l\000e}{chapter.4}% 31
\BOOKMARK [1][-]{section.4.2}{\376\377\000U\000n\000\040\000e\000s\000e\000m\000p\000i\000o\000\040\000m\000i\000n\000i\000m\000o}{chapter.4}% 32
\BOOKMARK [1][-]{section.4.3}{\376\377\000I\000l\000\040\000t\000e\000o\000r\000e\000m\000a\000\040\000n\000e\000g\000a\000t\000i\000v\000o}{chapter.4}% 33
\BOOKMARK [1][-]{section.4.4}{\376\377\000D\000i\000m\000o\000s\000t\000r\000a\000z\000i\000o\000n\000e}{chapter.4}% 34
\BOOKMARK [1][-]{section.4.5}{\376\377\000C\000o\000n\000s\000e\000g\000u\000e\000n\000z\000a\000\040\000s\000u\000l\000\040\000t\000a\000r\000g\000e\000t\000\040\000d\000i\000\040\000r\000i\000d\000u\000z\000i\000o\000n\000e}{chapter.4}% 35
\BOOKMARK [1][-]{section.4.6}{\376\377\000Q\000u\000a\000n\000t\000o\000\040\000\350\000\040\000s\000t\000r\000e\000t\000t\000o\000\040\000i\000l\000\040\000l\000i\000m\000i\000t\000e}{chapter.4}% 36
\BOOKMARK [1][-]{section.4.7}{\376\377\000P\000o\000r\000t\000a\000t\000a\000\040\000d\000e\000l\000\040\000r\000i\000s\000u\000l\000t\000a\000t\000o}{chapter.4}% 37
\BOOKMARK [0][-]{chapter.5}{\376\377\000I\000p\000o\000t\000e\000s\000i\000\040\000e\000\040\000c\000r\000i\000t\000e\000r\000i\000\040\000d\000i\000\040\000f\000a\000l\000s\000i\000f\000i\000c\000a\000z\000i\000o\000n\000e}{}% 38
\BOOKMARK [1][-]{section.5.1}{\376\377\000C\000o\000m\000e\000\040\000s\000o\000n\000o\000\040\000n\000a\000t\000e\000\040\000l\000e\000\040\000i\000p\000o\000t\000e\000s\000i}{chapter.5}% 39
\BOOKMARK [1][-]{section.5.2}{\376\377\000I\000p\000o\000t\000e\000s\000i\000\040\000p\000r\000i\000m\000a\000r\000i\000e}{chapter.5}% 40
\BOOKMARK [1][-]{section.5.3}{\376\377\000D\000o\000m\000a\000n\000d\000e\000\040\000e\000s\000p\000l\000o\000r\000a\000t\000i\000v\000e}{chapter.5}% 41
\BOOKMARK [0][-]{chapter.6}{\376\377\000V\000a\000l\000u\000t\000a\000z\000i\000o\000n\000e\000\040\000s\000p\000e\000r\000i\000m\000e\000n\000t\000a\000l\000e}{}% 42
\BOOKMARK [1][-]{section.6.1}{\376\377\000P\000r\000o\000t\000o\000c\000o\000l\000l\000o\000\040\000d\000i\000\040\000v\000e\000r\000i\000f\000i\000c\000a}{chapter.6}% 43
\BOOKMARK [1][-]{section.6.2}{\376\377\000M\000e\000t\000o\000d\000o\000l\000o\000g\000i\000a\000\040\000s\000t\000a\000t\000i\000s\000t\000i\000c\000a}{chapter.6}% 44
\BOOKMARK [1][-]{section.6.3}{\376\377\000S\000e\000t\000u\000p\000\040\000s\000p\000e\000r\000i\000m\000e\000n\000t\000a\000l\000e}{chapter.6}% 45
\BOOKMARK [1][-]{section.6.4}{\376\377\000D\000a\000t\000a\000s\000e\000t\000\040\000e\000\040\000c\000o\000n\000f\000i\000g\000u\000r\000a\000z\000i\000o\000n\000i}{chapter.6}% 46
\BOOKMARK [1][-]{section.6.5}{\376\377\000M\000e\000t\000r\000i\000c\000h\000e}{chapter.6}% 47
\BOOKMARK [1][-]{section.6.6}{\376\377\000T\000e\000r\000m\000i\000n\000e\000\040\000d\000i\000\040\000p\000a\000r\000a\000g\000o\000n\000e\000\040\000b\000a\000n\000a\000l\000e}{chapter.6}% 48
\BOOKMARK [1][-]{section.6.7}{\376\377\000E\000s\000p\000e\000r\000i\000m\000e\000n\000t\000i\000\040\000c\000o\000n\000d\000o\000t\000t\000i}{chapter.6}% 49
\BOOKMARK [1][-]{section.6.8}{\376\377\000S\000t\000u\000d\000i\000o\000\040\000d\000i\000\040\000a\000b\000l\000a\000z\000i\000o\000n\000e}{chapter.6}% 50
\BOOKMARK [0][-]{chapter.7}{\376\377\000A\000n\000a\000l\000i\000s\000i\000\040\000d\000e\000i\000\040\000r\000i\000s\000u\000l\000t\000a\000t\000i}{}% 51
\BOOKMARK [1][-]{section.7.1}{\376\377\000L\000a\000\040\000s\000t\000r\000a\000t\000e\000g\000i\000a\000\040\000c\000h\000e\000\040\000n\000o\000n\000\040\000p\000e\000r\000d\000e\000\040\000n\000u\000l\000l\000a}{chapter.7}% 52
\BOOKMARK [1][-]{section.7.2}{\376\377\000L\000a\000\040\000r\000i\000d\000u\000z\000i\000o\000n\000e\000\040\000c\000l\000a\000s\000s\000i\000c\000a\000,\000\040\000e\000\040\000p\000e\000r\000c\000h\000\351\000\040\000n\000o\000n\000\040\000\350\000\040\000s\000i\000c\000u\000r\000a}{chapter.7}% 53
\BOOKMARK [1][-]{section.7.3}{\376\377\000L\000a\000\040\000s\000t\000r\000a\000t\000e\000g\000i\000a\000\040\000c\000h\000e\000\040\000p\000r\000o\000d\000u\000c\000e\000\040\000i\000l\000\040\000g\000u\000a\000d\000a\000g\000n\000o}{chapter.7}% 54
\BOOKMARK [1][-]{section.7.4}{\376\377\000I\000l\000\040\000c\000o\000n\000f\000i\000n\000e\000:\000\040\000d\000o\000v\000e\000\040\000i\000l\000\040\000g\000u\000a\000d\000a\000g\000n\000o\000\040\000n\000o\000n\000\040\000s\000i\000\040\000r\000e\000a\000l\000i\000z\000z\000a}{chapter.7}% 55
\BOOKMARK [1][-]{section.7.5}{\376\377\000I\000l\000\040\000m\000e\000c\000c\000a\000n\000i\000s\000m\000o}{chapter.7}% 56
\BOOKMARK [1][-]{section.7.6}{\376\377\000I\000l\000\040\000c\000r\000i\000t\000e\000r\000i\000o\000\040\000d\000i\000a\000g\000n\000o\000s\000t\000i\000c\000o}{chapter.7}% 57
\BOOKMARK [1][-]{section.7.7}{\376\377\000L\000a\000\040\000p\000r\000o\000v\000a\000\040\000s\000u\000l\000l\000a\000\040\000q\000u\000a\000r\000t\000a\000\040\000f\000a\000m\000i\000g\000l\000i\000a}{chapter.7}% 58
\BOOKMARK [1][-]{section.7.8}{\376\377\000R\000i\000s\000u\000l\000t\000a\000t\000i\000\040\000n\000e\000g\000a\000t\000i\000v\000i}{chapter.7}% 59
\BOOKMARK [1][-]{section.7.9}{\376\377\000I\000l\000\040\000c\000o\000s\000t\000o\000:\000\040\000p\000e\000r\000c\000h\000\351\000\040\000r\000i\000d\000u\000r\000r\000e\000\040\000n\000o\000n\000\040\000b\000a\000s\000t\000a}{chapter.7}% 60
\BOOKMARK [0][-]{chapter.8}{\376\377\000D\000i\000s\000c\000u\000s\000s\000i\000o\000n\000e}{}% 61
\BOOKMARK [1][-]{section.8.1}{\376\377\000E\000s\000i\000t\000i\000\040\000d\000e\000l\000l\000e\000\040\000i\000p\000o\000t\000e\000s\000i}{chapter.8}% 62
\BOOKMARK [1][-]{section.8.2}{\376\377\000L\000i\000m\000i\000t\000i\000\040\000d\000e\000l\000l\000'\000e\000v\000i\000d\000e\000n\000z\000a}{chapter.8}% 63
\BOOKMARK [1][-]{section.8.3}{\376\377\000C\000o\000l\000l\000o\000c\000a\000z\000i\000o\000n\000e\000\040\000e\000\040\000v\000e\000r\000i\000f\000i\000c\000h\000e\000\040\000u\000l\000t\000e\000r\000i\000o\000r\000i}{chapter.8}% 64
\BOOKMARK [0][-]{chapter.9}{\376\377\000D\000i\000f\000e\000t\000t\000i\000\040\000e\000\040\000c\000r\000i\000t\000i\000c\000i\000t\000\340\000\040\000d\000e\000l\000\040\000s\000i\000s\000t\000e\000m\000a}{}% 65
\BOOKMARK [1][-]{section.9.1}{\376\377\000C\000l\000a\000s\000s\000i\000f\000i\000c\000a\000z\000i\000o\000n\000e\000\040\000d\000e\000i\000\040\000d\000i\000f\000e\000t\000t\000i}{chapter.9}% 66
\BOOKMARK [1][-]{section.9.2}{\376\377\000D\000i\000f\000e\000t\000t\000i\000\040\000d\000e\000l\000\040\000s\000i\000s\000t\000e\000m\000a\000\040\000s\000t\000u\000d\000i\000a\000t\000o}{chapter.9}% 67
\BOOKMARK [2][-]{subsection.9.2.1}{\376\377\000D\0001\000\040\040\024\000\040\000R\000a\000m\000o\000\040\000i\000r\000r\000a\000g\000g\000i\000u\000n\000g\000i\000b\000i\000l\000e\000\040\000n\000e\000l\000\040\000c\000a\000l\000c\000o\000l\000o\000\040\000d\000e\000l\000l\000a\000\040\000s\000i\000m\000i\000l\000a\000r\000i\000t\000\340}{section.9.2}% 68
\BOOKMARK [2][-]{subsection.9.2.2}{\376\377\000D\0002\000\040\040\024\000\040\000D\000i\000s\000a\000l\000l\000i\000n\000e\000a\000m\000e\000n\000t\000o\000\040\000d\000i\000\040\000s\000c\000h\000e\000m\000a\000\040\000n\000e\000i\000\040\000d\000a\000t\000a\000s\000e\000t\000\040\000G\000l\000a\000s\000s}{section.9.2}% 69
\BOOKMARK [2][-]{subsection.9.2.3}{\376\377\000D\0003\000\040\040\024\000\040\000R\000i\000g\000h\000e\000\040\000m\000a\000l\000f\000o\000r\000m\000a\000t\000e\000\040\000e\000\040\000i\000n\000d\000i\000c\000i\000\040\000n\000o\000n\000\040\000r\000i\000c\000o\000s\000t\000r\000u\000i\000b\000i\000l\000i\000\040\000n\000e\000i\000\040\000d\000a\000t\000a\000s\000e\000t\000\040\000P\000h\000y\000s\000i\000c\000i\000a\000n}{section.9.2}% 70
\BOOKMARK [2][-]{subsection.9.2.4}{\376\377\000D\0004\000\040\040\024\000\040\000E\000s\000e\000g\000u\000i\000b\000i\000l\000e\000\040\000d\000i\000\040\000b\000u\000i\000l\000d\000\040\000c\000o\000n\000\040\000i\000s\000t\000r\000u\000z\000i\000o\000n\000i\000\040\000d\000i\000\040\000d\000e\000b\000u\000g}{section.9.2}% 71
\BOOKMARK [1][-]{section.9.3}{\376\377\000E\000r\000r\000o\000r\000i\000\040\000r\000i\000l\000e\000v\000a\000t\000i\000\040\000e\000\040\000c\000o\000r\000r\000e\000t\000t\000i\000\040\000n\000e\000l\000\040\000c\000o\000d\000i\000c\000e\000\040\000s\000v\000i\000l\000u\000p\000p\000a\000t\000o}{chapter.9}% 72
\BOOKMARK [2][-]{subsection.9.3.1}{\376\377\000D\0005\000\040\040\024\000\040\000C\000o\000m\000p\000u\000t\000o\000\040\000e\000r\000r\000a\000t\000o\000\040\000d\000e\000l\000\040\000b\000u\000d\000g\000e\000t\000\040\000n\000e\000l\000l\000a\000\040\000p\000o\000l\000i\000t\000i\000c\000a\000\040\000s\000u\000i\000\040\000v\000e\000t\000i}{section.9.3}% 73
\BOOKMARK [2][-]{subsection.9.3.2}{\376\377\000D\0006\000\040\040\024\000\040\000I\000n\000d\000i\000c\000e\000\040\000d\000i\000\040\000r\000i\000s\000c\000h\000i\000o\000\040\000a\000n\000t\000i\000-\000c\000o\000r\000r\000e\000l\000a\000t\000o}{section.9.3}% 74
\BOOKMARK [1][-]{section.9.4}{\376\377\000C\000h\000e\000\040\000c\000o\000s\000a\000\040\000i\000n\000s\000e\000g\000n\000a\000n\000o\000\040\000q\000u\000e\000s\000t\000i\000\040\000d\000i\000f\000e\000t\000t\000i}{chapter.9}% 75
\BOOKMARK [0][-]{section*.135}{\376\377\000C\000o\000n\000c\000l\000u\000s\000i\000o\000n\000i\000\040\000e\000\040\000s\000v\000i\000l\000u\000p\000p\000i\000\040\000f\000u\000t\000u\000r\000i}{}% 76
\BOOKMARK [1][-]{section*.137}{\376\377\000S\000i\000n\000t\000e\000s\000i\000\040\000d\000e\000l\000\040\000l\000a\000v\000o\000r\000o}{section*.135}% 77
\BOOKMARK [1][-]{section*.138}{\376\377\000P\000o\000s\000s\000i\000b\000i\000l\000i\000\040\000s\000v\000i\000l\000u\000p\000p\000i}{section*.135}% 78
\BOOKMARK [0][-]{appendix.1.Alph1}{\376\377\000A\000p\000p\000e\000n\000d\000i\000c\000e\000\040\000R\000i\000p\000r\000o\000d\000u\000c\000i\000b\000i\000l\000i\000t\000\340\000\040\000d\000e\000i\000\040\000r\000i\000s\000u\000l\000t\000a\000t\000i}{}% 79
\BOOKMARK [1][-]{section.1.Alph1.1}{\376\377\000S\000t\000r\000u\000t\000t\000u\000r\000a\000\040\000d\000e\000l\000\040\000m\000a\000t\000e\000r\000i\000a\000l\000e}{appendix.1.Alph1}% 80
\BOOKMARK [1][-]{section.1.Alph1.2}{\376\377\000V\000e\000r\000i\000f\000i\000c\000a\000\040\000a\000u\000t\000o\000m\000a\000t\000i\000c\000a\000\040\000d\000e\000i\000\040\000r\000i\000s\000u\000l\000t\000a\000t\000i}{appendix.1.Alph1}% 81
\BOOKMARK [1][-]{section.1.Alph1.3}{\376\377\000V\000e\000r\000i\000f\000i\000c\000a\000\040\000d\000i\000\040\000e\000q\000u\000i\000v\000a\000l\000e\000n\000z\000a\000\040\000d\000e\000l\000l\000a\000\040\000r\000i\000c\000o\000m\000p\000i\000l\000a\000z\000i\000o\000n\000e}{appendix.1.Alph1}% 82
\BOOKMARK [1][-]{section.1.Alph1.4}{\376\377\000C\000o\000m\000a\000n\000d\000i\000\040\000p\000r\000i\000n\000c\000i\000p\000a\000l\000i}{appendix.1.Alph1}% 83
\BOOKMARK [1][-]{section.1.Alph1.5}{\376\377\000A\000m\000b\000i\000e\000n\000t\000e\000\040\000d\000i\000\040\000e\000s\000e\000c\000u\000z\000i\000o\000n\000e}{appendix.1.Alph1}% 84
\BOOKMARK [0][-]{appendix.1.Alph2}{\376\377\000A\000p\000p\000e\000n\000d\000i\000c\000e\000\040\000T\000a\000b\000e\000l\000l\000e\000\040\000c\000o\000m\000p\000l\000e\000t\000e\000\040\000d\000e\000i\000\040\000r\000i\000s\000u\000l\000t\000a\000t\000i}{}% 85
\BOOKMARK [1][-]{section.1.Alph2.1}{\376\377\000C\000a\000m\000p\000a\000g\000n\000a\000\040\000p\000r\000i\000n\000c\000i\000p\000a\000l\000e\000\040\000s\000u\000\040\000B\000r\000i\000d\000g\000e\000s}{appendix.1.Alph2}% 86
\BOOKMARK [1][-]{section.1.Alph2.2}{\376\377\000S\000t\000u\000d\000i\000o\000\040\000d\000i\000\040\000a\000b\000l\000a\000z\000i\000o\000n\000e}{appendix.1.Alph2}% 87
\BOOKMARK [1][-]{section.1.Alph2.3}{\376\377\000T\000a\000r\000a\000t\000u\000r\000a\000\040\000c\000o\000n\000s\000e\000r\000v\000a\000t\000i\000v\000a}{appendix.1.Alph2}% 88
\BOOKMARK [0][-]{appendix*.148}{\376\377\000B\000i\000b\000l\000i\000o\000g\000r\000a\000f\000i\000a}{}% 89
